MemTotal:       131266900 kB
MemFree:        124647136 kB
MemAvailable:   124590648 kB
Buffers:               0 kB
Cached:           772244 kB
SwapCached:            0 kB
Active:           472808 kB
Inactive:         528412 kB
Active(anon):     461260 kB
Inactive(anon):   524364 kB
Active(file):      11548 kB
Inactive(file):     4048 kB
Unevictable:     4101216 kB
Mlocked:         4101216 kB
SwapTotal:             0 kB
SwapFree:              0 kB
Dirty:                 0 kB
Writeback:             0 kB
AnonPages:       4330092 kB
Mapped:           206332 kB
Shmem:            756648 kB
Slab:             269472 kB
SReclaimable:      96668 kB
SUnreclaim:       172804 kB
KernelStack:       12720 kB
PageTables:        13764 kB
NFS_Unstable:          0 kB
Bounce:                0 kB
WritebackTmp:          0 kB
CommitLimit:    65633448 kB
Committed_AS:    5331292 kB
VmallocTotal:   34359738367 kB
VmallocUsed:      620944 kB
VmallocChunk:   34290966044 kB
HardwareCorrupted:     0 kB
AnonHugePages:   4132864 kB
HugePages_Total:       0
HugePages_Free:        0
HugePages_Rsvd:        0
HugePages_Surp:        0
Hugepagesize:       2048 kB
DirectMap4k:      154924 kB
DirectMap2M:     4313088 kB
DirectMap1G:    131072000 kB
\n\n\n\n\n\n
