MemTotal:       131266912 kB
MemFree:        101161992 kB
MemAvailable:   101102492 kB
Buffers:               0 kB
Cached:           866688 kB
SwapCached:            0 kB
Active:         23260520 kB
Inactive:         625060 kB
Active(anon):   23252108 kB
Inactive(anon):   622680 kB
Active(file):       8412 kB
Inactive(file):     2380 kB
Unevictable:     4099180 kB
Mlocked:         4099180 kB
SwapTotal:             0 kB
SwapFree:              0 kB
Dirty:                 0 kB
Writeback:             0 kB
AnonPages:      27195384 kB
Mapped:           237552 kB
Shmem:            855896 kB
Slab:             289364 kB
SReclaimable:      95456 kB
SUnreclaim:       193908 kB
KernelStack:       14480 kB
PageTables:        67860 kB
NFS_Unstable:          0 kB
Bounce:                0 kB
WritebackTmp:          0 kB
CommitLimit:    65633456 kB
Committed_AS:   107938132 kB
VmallocTotal:   34359738367 kB
VmallocUsed:      587192 kB
VmallocChunk:   34290999748 kB
HardwareCorrupted:     0 kB
AnonHugePages:  24659968 kB
HugePages_Total:       0
HugePages_Free:        0
HugePages_Rsvd:        0
HugePages_Surp:        0
Hugepagesize:       2048 kB
DirectMap4k:      138540 kB
DirectMap2M:     4329472 kB
DirectMap1G:    131072000 kB
\n\n\n\n\n\n
