MemTotal:       1585111024 kB
MemFree:        1569223012 kB
MemAvailable:   1569147092 kB
Buffers:               0 kB
Cached:           877596 kB
SwapCached:            0 kB
Active:           514268 kB
Inactive:         611908 kB
Active(anon):     494864 kB
Inactive(anon):   607176 kB
Active(file):      19404 kB
Inactive(file):     4732 kB
Unevictable:     4103416 kB
Mlocked:         4103416 kB
SwapTotal:             0 kB
SwapFree:              0 kB
Dirty:                 0 kB
Writeback:             0 kB
AnonPages:       4354224 kB
Mapped:           433932 kB
Shmem:            853460 kB
Slab:             410848 kB
SReclaimable:     161884 kB
SUnreclaim:       248964 kB
KernelStack:       14992 kB
PageTables:        13988 kB
NFS_Unstable:          0 kB
Bounce:                0 kB
WritebackTmp:          0 kB
CommitLimit:    792555512 kB
Committed_AS:    5392400 kB
VmallocTotal:   34359738367 kB
VmallocUsed:     3811532 kB
VmallocChunk:   33141673760 kB
HardwareCorrupted:     0 kB
AnonHugePages:   4159488 kB
HugePages_Total:       0
HugePages_Free:        0
HugePages_Rsvd:        0
HugePages_Surp:        0
Hugepagesize:       2048 kB
DirectMap4k:      151260 kB
DirectMap2M:     5894144 kB
DirectMap1G:    1606418432 kB
\n\n\n\n\n\n
