MemTotal:       131266900 kB
MemFree:        124590444 kB
MemAvailable:   124530492 kB
Buffers:               0 kB
Cached:           783256 kB
SwapCached:            0 kB
Active:           501984 kB
Inactive:         533648 kB
Active(anon):     498648 kB
Inactive(anon):   531940 kB
Active(file):       3336 kB
Inactive(file):     1708 kB
Unevictable:     4099840 kB
Mlocked:         4099840 kB
SwapTotal:             0 kB
SwapFree:              0 kB
Dirty:                 0 kB
Writeback:             0 kB
AnonPages:       4352692 kB
Mapped:           212208 kB
Shmem:            778212 kB
Slab:             286972 kB
SReclaimable:     100296 kB
SUnreclaim:       186676 kB
KernelStack:       14784 kB
PageTables:        16408 kB
NFS_Unstable:          0 kB
Bounce:                0 kB
WritebackTmp:          0 kB
CommitLimit:    65633448 kB
Committed_AS:    5531988 kB
VmallocTotal:   34359738367 kB
VmallocUsed:      628404 kB
VmallocChunk:   34290960384 kB
HardwareCorrupted:     0 kB
AnonHugePages:   4132864 kB
HugePages_Total:       0
HugePages_Free:        0
HugePages_Rsvd:        0
HugePages_Surp:        0
Hugepagesize:       2048 kB
DirectMap4k:      367912 kB
DirectMap2M:    11440128 kB
DirectMap1G:    123731968 kB
\n\n\n\n\n\n
