MemTotal:       131266900 kB
MemFree:        124552160 kB
MemAvailable:   124492464 kB
Buffers:               0 kB
Cached:           783252 kB
SwapCached:            0 kB
Active:           527648 kB
Inactive:         533636 kB
Active(anon):     524312 kB
Inactive(anon):   531928 kB
Active(file):       3336 kB
Inactive(file):     1708 kB
Unevictable:     4099840 kB
Mlocked:         4099840 kB
SwapTotal:             0 kB
SwapFree:              0 kB
Dirty:                 0 kB
Writeback:             0 kB
AnonPages:       4377860 kB
Mapped:           211788 kB
Shmem:            778208 kB
Slab:             292524 kB
SReclaimable:     100808 kB
SUnreclaim:       191716 kB
KernelStack:       16592 kB
PageTables:        19524 kB
NFS_Unstable:          0 kB
Bounce:                0 kB
WritebackTmp:          0 kB
CommitLimit:    65633448 kB
Committed_AS:    5776400 kB
VmallocTotal:   34359738367 kB
VmallocUsed:      628548 kB
VmallocChunk:   34290960384 kB
HardwareCorrupted:     0 kB
AnonHugePages:   4130816 kB
HugePages_Total:       0
HugePages_Free:        0
HugePages_Rsvd:        0
HugePages_Surp:        0
Hugepagesize:       2048 kB
DirectMap4k:      367912 kB
DirectMap2M:    11440128 kB
DirectMap1G:    123731968 kB
\n\n\n\n\n\n
