MemTotal:       131266900 kB
MemFree:        124560636 kB
MemAvailable:   124500876 kB
Buffers:               0 kB
Cached:           783244 kB
SwapCached:            0 kB
Active:           520708 kB
Inactive:         533636 kB
Active(anon):     517372 kB
Inactive(anon):   531928 kB
Active(file):       3336 kB
Inactive(file):     1708 kB
Unevictable:     4099840 kB
Mlocked:         4099840 kB
SwapTotal:             0 kB
SwapFree:              0 kB
Dirty:                 0 kB
Writeback:             0 kB
AnonPages:       4370740 kB
Mapped:           212064 kB
Shmem:            778200 kB
Slab:             291216 kB
SReclaimable:     100680 kB
SUnreclaim:       190536 kB
KernelStack:       16896 kB
PageTables:        18524 kB
NFS_Unstable:          0 kB
Bounce:                0 kB
WritebackTmp:          0 kB
CommitLimit:    65633448 kB
Committed_AS:    5714656 kB
VmallocTotal:   34359738367 kB
VmallocUsed:      628512 kB
VmallocChunk:   34290960384 kB
HardwareCorrupted:     0 kB
AnonHugePages:   4130816 kB
HugePages_Total:       0
HugePages_Free:        0
HugePages_Rsvd:        0
HugePages_Surp:        0
Hugepagesize:       2048 kB
DirectMap4k:      367912 kB
DirectMap2M:    11440128 kB
DirectMap1G:    123731968 kB
\n\n\n\n\n\n
