MemTotal:       131266912 kB
MemFree:        106363244 kB
MemAvailable:   106303216 kB
Buffers:               0 kB
Cached:           854228 kB
SwapCached:            0 kB
Active:         18148808 kB
Inactive:         612776 kB
Active(anon):   18140444 kB
Inactive(anon):   611032 kB
Active(file):       8364 kB
Inactive(file):     1744 kB
Unevictable:     4099180 kB
Mlocked:         4099180 kB
SwapTotal:             0 kB
SwapFree:              0 kB
Dirty:                 0 kB
Writeback:             0 kB
AnonPages:      22006940 kB
Mapped:           224468 kB
Shmem:            844120 kB
Slab:             286588 kB
SReclaimable:      95080 kB
SUnreclaim:       191508 kB
KernelStack:       13072 kB
PageTables:        55900 kB
NFS_Unstable:          0 kB
Bounce:                0 kB
WritebackTmp:          0 kB
CommitLimit:    65633456 kB
Committed_AS:   99109444 kB
VmallocTotal:   34359738367 kB
VmallocUsed:      587120 kB
VmallocChunk:   34290999820 kB
HardwareCorrupted:     0 kB
AnonHugePages:  19714048 kB
HugePages_Total:       0
HugePages_Free:        0
HugePages_Rsvd:        0
HugePages_Surp:        0
Hugepagesize:       2048 kB
DirectMap4k:      138540 kB
DirectMap2M:     4329472 kB
DirectMap1G:    131072000 kB
\n\n\n\n\n\n
