MemTotal:       131325356 kB
MemFree:        123804540 kB
MemAvailable:   123824156 kB
Buffers:               0 kB
Cached:          1702260 kB
SwapCached:            0 kB
Active:           989416 kB
Inactive:         922424 kB
Active(anon):     818980 kB
Inactive(anon):   913384 kB
Active(file):     170436 kB
Inactive(file):     9040 kB
Unevictable:     4099216 kB
Mlocked:         4099216 kB
SwapTotal:             0 kB
SwapFree:              0 kB
Dirty:                 0 kB
Writeback:             0 kB
AnonPages:       4309072 kB
Mapped:           207744 kB
Shmem:           1522784 kB
Slab:             250616 kB
SReclaimable:      84996 kB
SUnreclaim:       165620 kB
KernelStack:       11120 kB
PageTables:        13364 kB
NFS_Unstable:          0 kB
Bounce:                0 kB
WritebackTmp:          0 kB
CommitLimit:    65662676 kB
Committed_AS:    6050892 kB
VmallocTotal:   34359738367 kB
VmallocUsed:      700460 kB
VmallocChunk:   34290862124 kB
HardwareCorrupted:     0 kB
AnonHugePages:   4120576 kB
HugePages_Total:       0
HugePages_Free:        0
HugePages_Rsvd:        0
HugePages_Surp:        0
Hugepagesize:       2048 kB
DirectMap4k:      571436 kB
DirectMap2M:     8148992 kB
DirectMap1G:    126877696 kB
\n\n\n\n\n\n
