MemTotal:       131266912 kB
MemFree:        124260936 kB
MemAvailable:   124189824 kB
Buffers:               0 kB
Cached:           782224 kB
SwapCached:            0 kB
Active:           859524 kB
Inactive:         537220 kB
Active(anon):     856152 kB
Inactive(anon):   536112 kB
Active(file):       3372 kB
Inactive(file):     1108 kB
Unevictable:     4096684 kB
Mlocked:         4096684 kB
SwapTotal:             0 kB
SwapFree:              0 kB
Dirty:                 0 kB
Writeback:             0 kB
AnonPages:       4711328 kB
Mapped:           246452 kB
Shmem:            777744 kB
Slab:             232444 kB
SReclaimable:      78544 kB
SUnreclaim:       153900 kB
KernelStack:       14224 kB
PageTables:        15344 kB
NFS_Unstable:          0 kB
Bounce:                0 kB
WritebackTmp:          0 kB
CommitLimit:    65633456 kB
Committed_AS:    6539828 kB
VmallocTotal:   34359738367 kB
VmallocUsed:      652972 kB
VmallocChunk:   34290933760 kB
HardwareCorrupted:     0 kB
AnonHugePages:   4493312 kB
HugePages_Total:       0
HugePages_Free:        0
HugePages_Rsvd:        0
HugePages_Surp:        0
Hugepagesize:       2048 kB
DirectMap4k:      199980 kB
DirectMap2M:     7413760 kB
DirectMap1G:    127926272 kB
\n\n\n\n\n\n
