MemTotal:       131325356 kB
MemFree:        123863104 kB
MemAvailable:   123827708 kB
Buffers:               0 kB
Cached:          1648464 kB
SwapCached:            0 kB
Active:           905496 kB
Inactive:         906340 kB
Active(anon):     846856 kB
Inactive(anon):   900108 kB
Active(file):      58640 kB
Inactive(file):     6232 kB
Unevictable:     4140868 kB
Mlocked:         4140868 kB
SwapTotal:             0 kB
SwapFree:              0 kB
Dirty:                 0 kB
Writeback:             0 kB
AnonPages:       4304148 kB
Mapped:           205720 kB
Shmem:           1583592 kB
Slab:             252068 kB
SReclaimable:      89580 kB
SUnreclaim:       162488 kB
KernelStack:       11728 kB
PageTables:        13636 kB
NFS_Unstable:          0 kB
Bounce:                0 kB
WritebackTmp:          0 kB
CommitLimit:    65662676 kB
Committed_AS:    6109188 kB
VmallocTotal:   34359738367 kB
VmallocUsed:      700224 kB
VmallocChunk:   34290884608 kB
HardwareCorrupted:     0 kB
AnonHugePages:   4118528 kB
HugePages_Total:       0
HugePages_Free:        0
HugePages_Rsvd:        0
HugePages_Surp:        0
Hugepagesize:       2048 kB
DirectMap4k:      933932 kB
DirectMap2M:    19320832 kB
DirectMap1G:    115343360 kB
\n\n\n\n\n\n
