MemTotal:       263387412 kB
MemFree:        202972936 kB
MemAvailable:   202922120 kB
Buffers:               0 kB
Cached:          1111324 kB
SwapCached:            0 kB
Active:         52569476 kB
Inactive:         855080 kB
Active(anon):   52564776 kB
Inactive(anon):   850872 kB
Active(file):       4700 kB
Inactive(file):     4208 kB
Unevictable:     4103984 kB
Mlocked:         4103984 kB
SwapTotal:             0 kB
SwapFree:              0 kB
Dirty:                 0 kB
Writeback:             0 kB
AnonPages:      56810724 kB
Mapped:           506076 kB
Shmem:           1102416 kB
Slab:             320236 kB
SReclaimable:     114712 kB
SUnreclaim:       205524 kB
KernelStack:       14416 kB
PageTables:       129916 kB
NFS_Unstable:          0 kB
Bounce:                0 kB
WritebackTmp:          0 kB
CommitLimit:    131693704 kB
Committed_AS:   236286156 kB
VmallocTotal:   34359738367 kB
VmallocUsed:      882744 kB
VmallocChunk:   34222545920 kB
HardwareCorrupted:     0 kB
AnonHugePages:  54743040 kB
HugePages_Total:       0
HugePages_Free:        0
HugePages_Rsvd:        0
HugePages_Surp:        0
Hugepagesize:       2048 kB
DirectMap4k:      191788 kB
DirectMap2M:     9519104 kB
DirectMap1G:    260046848 kB
\n\n\n\n\n\n
