MemTotal:       131325356 kB
MemFree:        123716484 kB
MemAvailable:   123737924 kB
Buffers:               0 kB
Cached:          1718260 kB
SwapCached:            0 kB
Active:          1057564 kB
Inactive:         930604 kB
Active(anon):     886760 kB
Inactive(anon):   921428 kB
Active(file):     170804 kB
Inactive(file):     9176 kB
Unevictable:     4099152 kB
Mlocked:         4099152 kB
SwapTotal:             0 kB
SwapFree:              0 kB
Dirty:                 0 kB
Writeback:             0 kB
AnonPages:       4369400 kB
Mapped:           217848 kB
Shmem:           1538280 kB
Slab:             262856 kB
SReclaimable:      88140 kB
SUnreclaim:       174716 kB
KernelStack:       11088 kB
PageTables:        14536 kB
NFS_Unstable:          0 kB
Bounce:                0 kB
WritebackTmp:          0 kB
CommitLimit:    65662676 kB
Committed_AS:    6142216 kB
VmallocTotal:   34359738367 kB
VmallocUsed:      702928 kB
VmallocChunk:   34290862124 kB
HardwareCorrupted:     0 kB
AnonHugePages:   4169728 kB
HugePages_Total:       0
HugePages_Free:        0
HugePages_Rsvd:        0
HugePages_Surp:        0
Hugepagesize:       2048 kB
DirectMap4k:      571436 kB
DirectMap2M:     8148992 kB
DirectMap1G:    126877696 kB
\n\n\n\n\n\n
