MemTotal:       131266900 kB
MemFree:        124270008 kB
MemAvailable:   124209904 kB
Buffers:               0 kB
Cached:           783260 kB
SwapCached:            0 kB
Active:           817536 kB
Inactive:         533720 kB
Active(anon):     814248 kB
Inactive(anon):   531964 kB
Active(file):       3288 kB
Inactive(file):     1756 kB
Unevictable:     4099840 kB
Mlocked:         4099840 kB
SwapTotal:             0 kB
SwapFree:              0 kB
Dirty:                 0 kB
Writeback:             0 kB
AnonPages:       4680660 kB
Mapped:           214680 kB
Shmem:            778216 kB
Slab:             287344 kB
SReclaimable:      99992 kB
SUnreclaim:       187352 kB
KernelStack:       13904 kB
PageTables:        17116 kB
NFS_Unstable:          0 kB
Bounce:                0 kB
WritebackTmp:          0 kB
CommitLimit:    65633448 kB
Committed_AS:    7574128 kB
VmallocTotal:   34359738367 kB
VmallocUsed:      628332 kB
VmallocChunk:   34290960384 kB
HardwareCorrupted:     0 kB
AnonHugePages:   4450304 kB
HugePages_Total:       0
HugePages_Free:        0
HugePages_Rsvd:        0
HugePages_Surp:        0
Hugepagesize:       2048 kB
DirectMap4k:      367912 kB
DirectMap2M:    11440128 kB
DirectMap1G:    123731968 kB
\n\n\n\n\n\n
