MemTotal:       131266912 kB
MemFree:        124245812 kB
MemAvailable:   124175184 kB
Buffers:               0 kB
Cached:           782968 kB
SwapCached:            0 kB
Active:           873696 kB
Inactive:         537732 kB
Active(anon):     870276 kB
Inactive(anon):   535988 kB
Active(file):       3420 kB
Inactive(file):     1744 kB
Unevictable:     4096684 kB
Mlocked:         4096684 kB
SwapTotal:             0 kB
SwapFree:              0 kB
Dirty:                 0 kB
Writeback:             0 kB
AnonPages:       4725412 kB
Mapped:           247556 kB
Shmem:            777804 kB
Slab:             235312 kB
SReclaimable:      78824 kB
SUnreclaim:       156488 kB
KernelStack:       14448 kB
PageTables:        17040 kB
NFS_Unstable:          0 kB
Bounce:                0 kB
WritebackTmp:          0 kB
CommitLimit:    65633456 kB
Committed_AS:    6663132 kB
VmallocTotal:   34359738367 kB
VmallocUsed:      653044 kB
VmallocChunk:   34290933760 kB
HardwareCorrupted:     0 kB
AnonHugePages:   4493312 kB
HugePages_Total:       0
HugePages_Free:        0
HugePages_Rsvd:        0
HugePages_Surp:        0
Hugepagesize:       2048 kB
DirectMap4k:      199980 kB
DirectMap2M:     7413760 kB
DirectMap1G:    127926272 kB
\n\n\n\n\n\n
