MemTotal:       1585111024 kB
MemFree:        1534623172 kB
MemAvailable:   1534555748 kB
Buffers:               0 kB
Cached:          1075044 kB
SwapCached:            0 kB
Active:         34555500 kB
Inactive:         782900 kB
Active(anon):   34534596 kB
Inactive(anon):   773812 kB
Active(file):      20904 kB
Inactive(file):     9088 kB
Unevictable:     4103404 kB
Mlocked:         4103404 kB
SwapTotal:             0 kB
SwapFree:              0 kB
Dirty:                 0 kB
Writeback:             0 kB
AnonPages:      38594560 kB
Mapped:           557648 kB
Shmem:           1045052 kB
Slab:             460580 kB
SReclaimable:     173024 kB
SUnreclaim:       287556 kB
KernelStack:       18224 kB
PageTables:        93664 kB
NFS_Unstable:          0 kB
Bounce:                0 kB
WritebackTmp:          0 kB
CommitLimit:    792555512 kB
Committed_AS:   157733076 kB
VmallocTotal:   34359738367 kB
VmallocUsed:     3813868 kB
VmallocChunk:   33141673760 kB
HardwareCorrupted:     0 kB
AnonHugePages:  37113856 kB
HugePages_Total:       0
HugePages_Free:        0
HugePages_Rsvd:        0
HugePages_Surp:        0
Hugepagesize:       2048 kB
DirectMap4k:      263900 kB
DirectMap2M:    11024384 kB
DirectMap1G:    1601175552 kB
\n\n\n\n\n\n
