MemTotal:       131997308 kB
MemFree:        123065656 kB
MemAvailable:   123065156 kB
Buffers:            1704 kB
Cached:          2087088 kB
SwapCached:            0 kB
Active:          2052544 kB
Inactive:        1051612 kB
Active(anon):    1940276 kB
Inactive(anon):  1022520 kB
Active(file):     112268 kB
Inactive(file):    29092 kB
Unevictable:     4098140 kB
Mlocked:         4098140 kB
SwapTotal:             0 kB
SwapFree:              0 kB
Dirty:                 0 kB
Writeback:             0 kB
AnonPages:       5113636 kB
Mapped:           325184 kB
Shmem:           1947432 kB
Slab:             249892 kB
SReclaimable:      82888 kB
SUnreclaim:       167004 kB
KernelStack:       16320 kB
PageTables:        27320 kB
NFS_Unstable:          0 kB
Bounce:                0 kB
WritebackTmp:          0 kB
CommitLimit:    65998652 kB
Committed_AS:    7425608 kB
VmallocTotal:   34359738367 kB
VmallocUsed:      770940 kB
VmallocChunk:   34290813404 kB
HardwareCorrupted:     0 kB
AnonHugePages:   4659200 kB
HugePages_Total:       0
HugePages_Free:        0
HugePages_Rsvd:        0
HugePages_Surp:        0
Hugepagesize:       2048 kB
DirectMap4k:      204460 kB
DirectMap2M:     8148992 kB
DirectMap1G:    125829120 kB
\n\n\n\n\n\n
