MemTotal:       131266900 kB
MemFree:        124280276 kB
MemAvailable:   124219800 kB
Buffers:               0 kB
Cached:           782508 kB
SwapCached:            0 kB
Active:           810696 kB
Inactive:         533176 kB
Active(anon):     807408 kB
Inactive(anon):   532104 kB
Active(file):       3288 kB
Inactive(file):     1072 kB
Unevictable:     4099840 kB
Mlocked:         4099840 kB
SwapTotal:             0 kB
SwapFree:              0 kB
Dirty:                 0 kB
Writeback:             0 kB
AnonPages:       4665536 kB
Mapped:           213712 kB
Shmem:            778148 kB
Slab:             285852 kB
SReclaimable:      99936 kB
SUnreclaim:       185916 kB
KernelStack:       13296 kB
PageTables:        16624 kB
NFS_Unstable:          0 kB
Bounce:                0 kB
WritebackTmp:          0 kB
CommitLimit:    65633448 kB
Committed_AS:    7514724 kB
VmallocTotal:   34359738367 kB
VmallocUsed:      628296 kB
VmallocChunk:   34290960384 kB
HardwareCorrupted:     0 kB
AnonHugePages:   4442112 kB
HugePages_Total:       0
HugePages_Free:        0
HugePages_Rsvd:        0
HugePages_Surp:        0
Hugepagesize:       2048 kB
DirectMap4k:      367912 kB
DirectMap2M:    11440128 kB
DirectMap1G:    123731968 kB
\n\n\n\n\n\n
