MemTotal:       131325348 kB
MemFree:        123987568 kB
MemAvailable:   123936172 kB
Buffers:               0 kB
Cached:          1550440 kB
SwapCached:            0 kB
Active:           794028 kB
Inactive:         914088 kB
Active(anon):     771092 kB
Inactive(anon):   909148 kB
Active(file):      22936 kB
Inactive(file):     4940 kB
Unevictable:     4140832 kB
Mlocked:         4140832 kB
SwapTotal:             0 kB
SwapFree:              0 kB
Dirty:                 0 kB
Writeback:             0 kB
AnonPages:       4298816 kB
Mapped:           192856 kB
Shmem:           1522564 kB
Slab:             256252 kB
SReclaimable:      94576 kB
SUnreclaim:       161676 kB
KernelStack:       10352 kB
PageTables:        13804 kB
NFS_Unstable:          0 kB
Bounce:                0 kB
WritebackTmp:          0 kB
CommitLimit:    65662672 kB
Committed_AS:    6046636 kB
VmallocTotal:   34359738367 kB
VmallocUsed:      666492 kB
VmallocChunk:   34290920444 kB
HardwareCorrupted:     0 kB
AnonHugePages:   4114432 kB
HugePages_Total:       0
HugePages_Free:        0
HugePages_Rsvd:        0
HugePages_Surp:        0
Hugepagesize:       2048 kB
DirectMap4k:      178220 kB
DirectMap2M:     4347904 kB
DirectMap1G:    131072000 kB
\n\n\n\n\n\n
