MemTotal:       1585111024 kB
MemFree:        1535889540 kB
MemAvailable:   1535824476 kB
Buffers:               0 kB
Cached:          1030552 kB
SwapCached:            0 kB
Active:         33596056 kB
Inactive:         756124 kB
Active(anon):   33575172 kB
Inactive(anon):   747964 kB
Active(file):      20884 kB
Inactive(file):     8160 kB
Unevictable:     4103404 kB
Mlocked:         4103404 kB
SwapTotal:             0 kB
SwapFree:              0 kB
Dirty:                 0 kB
Writeback:             0 kB
AnonPages:      37446336 kB
Mapped:           482040 kB
Shmem:           1001508 kB
Slab:             456472 kB
SReclaimable:     178684 kB
SUnreclaim:       277788 kB
KernelStack:       17664 kB
PageTables:        91848 kB
NFS_Unstable:          0 kB
Bounce:                0 kB
WritebackTmp:          0 kB
CommitLimit:    792555512 kB
Committed_AS:   156749496 kB
VmallocTotal:   34359738367 kB
VmallocUsed:     3812540 kB
VmallocChunk:   33141673760 kB
HardwareCorrupted:     0 kB
AnonHugePages:  33994752 kB
HugePages_Total:       0
HugePages_Free:        0
HugePages_Rsvd:        0
HugePages_Surp:        0
Hugepagesize:       2048 kB
DirectMap4k:      151260 kB
DirectMap2M:     5894144 kB
DirectMap1G:    1606418432 kB
\n\n\n\n\n\n
