MemTotal:       131325348 kB
MemFree:        123942408 kB
MemAvailable:   123886756 kB
Buffers:               0 kB
Cached:          1610140 kB
SwapCached:            0 kB
Active:           859896 kB
Inactive:         908888 kB
Active(anon):     837908 kB
Inactive(anon):   903592 kB
Active(file):      21988 kB
Inactive(file):     5296 kB
Unevictable:     4140832 kB
Mlocked:         4140832 kB
SwapTotal:             0 kB
SwapFree:              0 kB
Dirty:                 0 kB
Writeback:             0 kB
AnonPages:       4299856 kB
Mapped:           173452 kB
Shmem:           1582856 kB
Slab:             242936 kB
SReclaimable:      86652 kB
SUnreclaim:       156284 kB
KernelStack:       10736 kB
PageTables:        13468 kB
NFS_Unstable:          0 kB
Bounce:                0 kB
WritebackTmp:          0 kB
CommitLimit:    65662672 kB
Committed_AS:    6105696 kB
VmallocTotal:   34359738367 kB
VmallocUsed:      667828 kB
VmallocChunk:   34290918400 kB
HardwareCorrupted:     0 kB
AnonHugePages:   4114432 kB
HugePages_Total:       0
HugePages_Free:        0
HugePages_Rsvd:        0
HugePages_Surp:        0
Hugepagesize:       2048 kB
DirectMap4k:      262188 kB
DirectMap2M:    14749696 kB
DirectMap1G:    120586240 kB
\n\n\n\n\n\n
