MemTotal:       131266912 kB
MemFree:        106353752 kB
MemAvailable:   106294140 kB
Buffers:               0 kB
Cached:           854920 kB
SwapCached:            0 kB
Active:         18156104 kB
Inactive:         613320 kB
Active(anon):   18147740 kB
Inactive(anon):   610892 kB
Active(file):       8364 kB
Inactive(file):     2428 kB
Unevictable:     4099180 kB
Mlocked:         4099180 kB
SwapTotal:             0 kB
SwapFree:              0 kB
Dirty:                 0 kB
Writeback:             0 kB
AnonPages:      22021720 kB
Mapped:           225572 kB
Shmem:            844128 kB
Slab:             288036 kB
SReclaimable:      95232 kB
SUnreclaim:       192804 kB
KernelStack:       13792 kB
PageTables:        56744 kB
NFS_Unstable:          0 kB
Bounce:                0 kB
WritebackTmp:          0 kB
CommitLimit:    65633456 kB
Committed_AS:   99170560 kB
VmallocTotal:   34359738367 kB
VmallocUsed:      587156 kB
VmallocChunk:   34290999784 kB
HardwareCorrupted:     0 kB
AnonHugePages:  19722240 kB
HugePages_Total:       0
HugePages_Free:        0
HugePages_Rsvd:        0
HugePages_Surp:        0
Hugepagesize:       2048 kB
DirectMap4k:      138540 kB
DirectMap2M:     4329472 kB
DirectMap1G:    131072000 kB
\n\n\n\n\n\n
