MemTotal:       131266900 kB
MemFree:        124642204 kB
MemAvailable:   124585868 kB
Buffers:               0 kB
Cached:           773016 kB
SwapCached:            0 kB
Active:           479440 kB
Inactive:         528952 kB
Active(anon):     467892 kB
Inactive(anon):   524220 kB
Active(file):      11548 kB
Inactive(file):     4732 kB
Unevictable:     4101216 kB
Mlocked:         4101216 kB
SwapTotal:             0 kB
SwapFree:              0 kB
Dirty:                 0 kB
Writeback:             0 kB
AnonPages:       4338752 kB
Mapped:           207892 kB
Shmem:            756736 kB
Slab:             269392 kB
SReclaimable:      96292 kB
SUnreclaim:       173100 kB
KernelStack:       12720 kB
PageTables:        14292 kB
NFS_Unstable:          0 kB
Bounce:                0 kB
WritebackTmp:          0 kB
CommitLimit:    65633448 kB
Committed_AS:    5391500 kB
VmallocTotal:   34359738367 kB
VmallocUsed:      620980 kB
VmallocChunk:   34290966008 kB
HardwareCorrupted:     0 kB
AnonHugePages:   4134912 kB
HugePages_Total:       0
HugePages_Free:        0
HugePages_Rsvd:        0
HugePages_Surp:        0
Hugepagesize:       2048 kB
DirectMap4k:      154924 kB
DirectMap2M:     4313088 kB
DirectMap1G:    131072000 kB
\n\n\n\n\n\n
