MemTotal:       263387412 kB
MemFree:        255990820 kB
MemAvailable:   255919880 kB
Buffers:               0 kB
Cached:           758352 kB
SwapCached:            0 kB
Active:           515068 kB
Inactive:         522480 kB
Active(anon):     510996 kB
Inactive(anon):   521152 kB
Active(file):       4072 kB
Inactive(file):     1328 kB
Unevictable:     4103992 kB
Mlocked:         4103992 kB
SwapTotal:             0 kB
SwapFree:              0 kB
Dirty:                 0 kB
Writeback:             0 kB
AnonPages:       4382876 kB
Mapped:           271028 kB
Shmem:            752952 kB
Slab:             237660 kB
SReclaimable:      77976 kB
SUnreclaim:       159684 kB
KernelStack:       13520 kB
PageTables:        14976 kB
NFS_Unstable:          0 kB
Bounce:                0 kB
WritebackTmp:          0 kB
CommitLimit:    131693704 kB
Committed_AS:    5404596 kB
VmallocTotal:   34359738367 kB
VmallocUsed:      880896 kB
VmallocChunk:   34222548644 kB
HardwareCorrupted:     0 kB
AnonHugePages:   4169728 kB
HugePages_Total:       0
HugePages_Free:        0
HugePages_Rsvd:        0
HugePages_Surp:        0
Hugepagesize:       2048 kB
DirectMap4k:      152876 kB
DirectMap2M:     4315136 kB
DirectMap1G:    265289728 kB
\n\n\n\n\n\n
