MemTotal:       1585111024 kB
MemFree:        1569252244 kB
MemAvailable:   1569162740 kB
Buffers:               0 kB
Cached:           890080 kB
SwapCached:            0 kB
Active:           529208 kB
Inactive:         606804 kB
Active(anon):     528420 kB
Inactive(anon):   606136 kB
Active(file):        788 kB
Inactive(file):      668 kB
Unevictable:     4103416 kB
Mlocked:         4103416 kB
SwapTotal:             0 kB
SwapFree:              0 kB
Dirty:                 0 kB
Writeback:             0 kB
AnonPages:       4352124 kB
Mapped:           431832 kB
Shmem:            888624 kB
Slab:             393916 kB
SReclaimable:     157396 kB
SUnreclaim:       236520 kB
KernelStack:       14816 kB
PageTables:        13888 kB
NFS_Unstable:          0 kB
Bounce:                0 kB
WritebackTmp:          0 kB
CommitLimit:    792555512 kB
Committed_AS:    5427152 kB
VmallocTotal:   34359738367 kB
VmallocUsed:     3810812 kB
VmallocChunk:   33141673760 kB
HardwareCorrupted:     0 kB
AnonHugePages:   4157440 kB
HugePages_Total:       0
HugePages_Free:        0
HugePages_Rsvd:        0
HugePages_Surp:        0
Hugepagesize:       2048 kB
DirectMap4k:      151260 kB
DirectMap2M:     5894144 kB
DirectMap1G:    1606418432 kB
\n\n\n\n\n\n
